// Jest Snapshot v1, https://goo.gl/fbAQLP

exports[`Testing: CustomButton component! should render CustomButton component. 1`] = `"<styled.button />"`;
